
> frontend@0.1.0 build
> next build

Γû▓ Next.js 16.1.6 (Turbopack)

  Creating an optimized production build ...
node.exe : 
At C:\Program Files\nod
ejs\npm.ps1:29 char:3
+   & $NODE_EXE 
$NPM_CLI_JS $args
+   ~~~~~~~~~~~~~~~~~~~
~~~~~~~~~~
    + CategoryInfo     
         : 
NotSpecified: (:St    
ring) [], RemoteExcept 
   ion
    + 
FullyQualifiedErrorI   
 d : NativeCommandError
 
> Build error occurred
Error: Turbopack build 
failed with 1 errors:
./app/domains/ai-ml/pag
e.tsx:347:22
Parsing ecmascript 
source code failed
[0m [90m 345 |[39m
 [90m 346 |[39m   
[36mreturn[39m (
[31m[1m>[22m[39m[9
0m 347 |[39m     [33m
<[39m[33mdiv[39m cla
ssName[33m=[39m{[37m
[41m[1m\[22m[49m[3
9m[32m`min-h-screen 
min-w-full relative 
overflow-x-hidden selec
tion:bg-[#FF2020]/30 
transition-all 
duration-75 
\${glitching ? 
"mix-blend-color-dodge 
translate-x-[3px]" : 
""}\`} style={{ 
background: "#0A0000", 
color: "#FF2020", 
filter: glitching ? 
"drop-shadow(4px 0 0 
rgba(200,0,0,0.8)) 
drop-shadow(-4px 0 0 
rgba(0,0,200,0.5))" : 
"none" }}>[39m
 [90m     |[39m      
                [31m[
1m^[22m[39m[31m[1m^
[22m[39m[31m[1m^[2
2m[39m[31m[1m^[22m
[39m[31m[1m^[22m[39
m[31m[1m^[22m[39m[
31m[1m^[22m[39m[31m
[1m^[22m[39m[31m[1
m^[22m[39m[31m[1m^
[22m[39m[31m[1m^[22
m[39m[31m[1m^[22m[
39m[31m[1m^[22m[39m
[31m[1m^[22m[39m[3
1m[1m^[22m[39m[31m
[1m^[22m[39m[31m[1m
^[22m[39m[31m[1m^[
22m[39m[31m[1m^[22m
[39m[31m[1m^[22m[3
9m[31m[1m^[22m[39m
[31m[1m^[22m[39m[31
m[1m^[22m[39m[31m[
1m^[22m[39m[31m[1m^
[22m[39m[31m[1m^[2
2m[39m[31m[1m^[22m
[39m[31m[1m^[22m[39
m[31m[1m^[22m[39m[
31m[1m^[22m[39m[31m
[1m^[22m[39m[31m[1
m^[22m[39m[31m[1m^
[22m[39m[31m[1m^[22
m[39m[31m[1m^[22m[
39m[31m[1m^[22m[39m
[31m[1m^[22m[39m[3
1m[1m^[22m[39m[31m
[1m^[22m[39m[31m[1m
^[22m[39m[31m[1m^[
22m[39m[31m[1m^[22m
[39m[31m[1m^[22m[3
9m[31m[1m^[22m[39m
[31m[1m^[22m[39m[31
m[1m^[22m[39m[31m[
1m^[22m[39m[31m[1m^
[22m[39m[31m[1m^[2
2m[39m[31m[1m^[22m
[39m[31m[1m^[22m[39
m[31m[1m^[22m[39m[
31m[1m^[22m[39m[31m
[1m^[22m[39m[31m[1
m^[22m[39m[31m[1m^
[22m[39m[31m[1m^[22
m[39m[31m[1m^[22m[
39m[31m[1m^[22m[39m
[31m[1m^[22m[39m[3
1m[1m^[22m[39m[31m
[1m^[22m[39m[31m[1m
^[22m[39m[31m[1m^[
22m[39m[31m[1m^[22m
[39m[31m[1m^[22m[3
9m[31m[1m^[22m[39m
[31m[1m^[22m[39m[31
m[1m^[22m[39m[31m[
1m^[22m[39m[31m[1m^
[22m[39m[31m[1m^[2
2m[39m[31m[1m^[22m
[39m[31m[1m^[22m[39
m[31m[1m^[22m[39m[
31m[1m^[22m[39m[31m
[1m^[22m[39m[31m[1
m^[22m[39m[31m[1m^
[22m[39m[31m[1m^[22
m[39m[31m[1m^[22m[
39m[31m[1m^[22m[39m
[31m[1m^[22m[39m[3
1m[1m^[22m[39m[31m
[1m^[22m[39m[31m[1m
^[22m[39m[31m[1m^[
22m[39m[31m[1m^[22m
[39m[31m[1m^[22m[3
9m[31m[1m^[22m[39m
[31m[1m^[22m[39m[31
m[1m^[22m[39m[31m[
1m^[22m[39m[31m[1m^
[22m[39m[31m[1m^[2
2m[39m[31m[1m^[22m
[39m[31m[1m^[22m[39
m[31m[1m^[22m[39m[
31m[1m^[22m[39m[31m
[1m^[22m[39m[31m[1
m^[22m[39m[31m[1m^
[22m[39m[31m[1m^[22
m[39m[31m[1m^[22m[
39m[31m[1m^[22m[39m
[31m[1m^[22m[39m[3
1m[1m^[22m[39m[31m
[1m^[22m[39m[31m[1m
^[22m[39m[31m[1m^[
22m[39m[31m[1m^[22m
[39m[31m[1m^[22m[3
9m[31m[1m^[22m[39m
[31m[1m^[22m[39m[31
m[1m^[22m[39m[31m[
1m^[22m[39m[31m[1m^
[22m[39m[31m[1m^[2
2m[39m[31m[1m^[22m
[39m[31m[1m^[22m[39
m[31m[1m^[22m[39m[
31m[1m^[22m[39m[31m
[1m^[22m[39m[31m[1
m^[22m[39m[31m[1m^
[22m[39m[31m[1m^[22
m[39m[31m[1m^[22m[
39m[31m[1m^[22m[39m
[31m[1m^[22m[39m[3
1m[1m^[22m[39m[31m
[1m^[22m[39m[31m[1m
^[22m[39m[31m[1m^[
22m[39m[31m[1m^[22m
[39m[31m[1m^[22m[3
9m[31m[1m^[22m[39m
[31m[1m^[22m[39m[31
m[1m^[22m[39m[31m[
1m^[22m[39m[31m[1m^
[22m[39m[31m[1m^[2
2m[39m[31m[1m^[22m
[39m[31m[1m^[22m[39
m[31m[1m^[22m[39m[
31m[1m^[22m[39m[31m
[1m^[22m[39m[31m[1
m^[22m[39m[31m[1m^
[22m[39m[31m[1m^[22
m[39m[31m[1m^[22m[
39m[31m[1m^[22m[39m
[31m[1m^[22m[39m[3
1m[1m^[22m[39m[31m
[1m^[22m[39m[31m[1m
^[22m[39m[31m[1m^[
22m[39m[31m[1m^[22m
[39m[31m[1m^[22m[3
9m[31m[1m^[22m[39m
[31m[1m^[22m[39m[31
m[1m^[22m[39m[31m[
1m^[22m[39m[31m[1m^
[22m[39m[31m[1m^[2
2m[39m[31m[1m^[22m
[39m[31m[1m^[22m[39
m[31m[1m^[22m[39m[
31m[1m^[22m[39m[31m
[1m^[22m[39m[31m[1
m^[22m[39m[31m[1m^
[22m[39m[31m[1m^[22
m[39m[31m[1m^[22m[
39m[31m[1m^[22m[39m
[31m[1m^[22m[39m[3
1m[1m^[22m[39m[31m
[1m^[22m[39m[31m[1m
^[22m[39m[31m[1m^[
22m[39m[31m[1m^[22m
[39m[31m[1m^[22m[3
9m[31m[1m^[22m[39m
[31m[1m^[22m[39m[31
m[1m^[22m[39m[31m[
1m^[22m[39m[31m[1m^
[22m[39m[31m[1m^[2
2m[39m[31m[1m^[22m
[39m[31m[1m^[22m[39
m[31m[1m^[22m[39m[
31m[1m^[22m[39m[31m
[1m^[22m[39m[31m[1
m^[22m[39m[31m[1m^
[22m[39m[31m[1m^[22
m[39m[31m[1m^[22m[
39m[31m[1m^[22m[39m
[31m[1m^[22m[39m[3
1m[1m^[22m[39m[31m
[1m^[22m[39m[31m[1m
^[22m[39m[31m[1m^[
22m[39m[31m[1m^[22m
[39m[31m[1m^[22m[3
9m[31m[1m^[22m[39m
[31m[1m^[22m[39m[31
m[1m^[22m[39m[31m[
1m^[22m[39m[31m[1m^
[22m[39m[31m[1m^[2
2m[39m[31m[1m^[22m
[39m[31m[1m^[22m[39
m[31m[1m^[22m[39m[
31m[1m^[22m[39m[31m
[1m^[22m[39m[31m[1
m^[22m[39m[31m[1m^
[22m[39m[31m[1m^[22
m[39m[31m[1m^[22m[
39m[31m[1m^[22m[39m
[31m[1m^[22m[39m[3
1m[1m^[22m[39m[31m
[1m^[22m[39m[31m[1m
^[22m[39m[31m[1m^[
22m[39m[31m[1m^[22m
[39m[31m[1m^[22m[3
9m[31m[1m^[22m[39m
[31m[1m^[22m[39m[31
m[1m^[22m[39m[31m[
1m^[22m[39m[31m[1m^
[22m[39m[31m[1m^[2
2m[39m[31m[1m^[22m
[39m[31m[1m^[22m[39
m[31m[1m^[22m[39m[
31m[1m^[22m[39m[31m
[1m^[22m[39m[31m[1
m^[22m[39m[31m[1m^
[22m[39m[31m[1m^[22
m[39m[31m[1m^[22m[
39m[31m[1m^[22m[39m
[31m[1m^[22m[39m[3
1m[1m^[22m[39m[31m
[1m^[22m[39m[31m[1m
^[22m[39m[31m[1m^[
22m[39m[31m[1m^[22m
[39m[31m[1m^[22m[3
9m[31m[1m^[22m[39m
[31m[1m^[22m[39m[31
m[1m^[22m[39m[31m[
1m^[22m[39m[31m[1m^
[22m[39m[31m[1m^[2
2m[39m[31m[1m^[22m
[39m[31m[1m^[22m[39
m[31m[1m^[22m[39m[
31m[1m^[22m[39m[31m
[1m^[22m[39m[31m[1
m^[22m[39m[31m[1m^
[22m[39m[31m[1m^[22
m[39m[31m[1m^[22m[
39m[31m[1m^[22m[39m
[31m[1m^[22m[39m[3
1m[1m^[22m[39m[31m
[1m^[22m[39m[31m[1m
^[22m[39m[31m[1m^[
22m[39m[31m[1m^[22m
[39m[31m[1m^[22m[3
9m[31m[1m^[22m[39m
[31m[1m^[22m[39m[31
m[1m^[22m[39m[31m[
1m^[22m[39m[31m[1m^
[22m[39m[31m[1m^[2
2m[39m[31m[1m^[22m
[39m[31m[1m^[22m[39
m[31m[1m^[22m[39m[
31m[1m^[22m[39m[31m
[1m^[22m[39m[31m[1
m^[22m[39m[31m[1m^
[22m[39m[31m[1m^[22
m[39m[31m[1m^[22m[
39m[31m[1m^[22m[39m
[31m[1m^[22m[39m[3
1m[1m^[22m[39m[31m
[1m^[22m[39m[31m[1m
^[22m[39m[31m[1m^[
22m[39m[31m[1m^[22m
[39m[31m[1m^[22m[3
9m[31m[1m^[22m[39m
[31m[1m^[22m[39m[31
m[1m^[22m[39m[31m[
1m^[22m[39m[31m[1m^
[22m[39m[31m[1m^[2
2m[39m[31m[1m^[22m
[39m[31m[1m^[22m[39
m[31m[1m^[22m[39m[
31m[1m^[22m[39m[31m
[1m^[22m[39m[31m[1
m^[22m[39m[31m[1m^
[22m[39m[31m[1m^[22
m[39m[31m[1m^[22m[
39m[31m[1m^[22m[39m
[31m[1m^[22m[39m[3
1m[1m^[22m[39m[31m
[1m^[22m[39m[31m[1m
^[22m[39m[31m[1m^[
22m[39m[31m[1m^[22m
[39m[31m[1m^[22m[3
9m[31m[1m^[22m[39m
[31m[1m^[22m[39m[31
m[1m^[22m[39m[31m[
1m^[22m[39m[31m[1m^
[22m[39m[31m[1m^[2
2m[39m[31m[1m^[22m
[39m[31m[1m^[22m[39
m[31m[1m^[22m[39m[
31m[1m^[22m[39m[31m
[1m^[22m[39m[31m[1
m^[22m[39m[31m[1m^
[22m[39m[31m[1m^[22
m[39m[31m[1m^[22m[
39m
[31m[1m>[22m[39m[9
0m 348 |[39m [32m    
  [39m
 [90m     |[39m [31m
[1m^[22m[39m[31m[1
m^[22m[39m[31m[1m^
[22m[39m[31m[1m^[22
m[39m[31m[1m^[22m[
39m[31m[1m^[22m[39m
[31m[1m>[22m[39m[9
0m 349 |[39m [32m    
  <style dangerouslySet
InnerHTML={{__html: 
\`[39m
 [90m     |[39m [31m
[1m^[22m[39m[31m[1
m^[22m[39m[31m[1m^
[22m[39m[31m[1m^[22
m[39m[31m[1m^[22m[
39m[31m[1m^[22m[39m
[31m[1m>[22m[39m[9
0m 350 |[39m [32m    
    @keyframes 
redScanSweep {[39m
 [90m     |[39m [31m
[1m^[22m[39m[31m[1
m^[22m[39m[31m[1m^
[22m[39m[31m[1m^[22
m[39m[31m[1m^[22m[
39m[31m[1m^[22m[39m
[31m[1m>[22m[39m[9
0m 351 |[39m [32m    
      0% { top: 0; 
opacity: 1; }[39m
 [90m     |[39m [31m
[1m^[22m[39m[31m[1
m^[22m[39m[31m[1m^
[22m[39m[31m[1m^[22
m[39m[31m[1m^[22m[
39m[31m[1m^[22m[39m
[31m[1m>[22m[39m[9
0m 352 |[39m [32m    
      90% { top: 100%; 
opacity: 0.8; }[39m
 [90m     |[39m [31m
[1m^[22m[39m[31m[1
m^[22m[39m[31m[1m^
[22m[39m[31m[1m^[22
m[39m[31m[1m^[22m[
39m[31m[1m^[22m[39m
[31m[1m>[22m[39m[9
0m 353 |[39m [32m    
      100% { top: 
100%; opacity: 0; 
}[39m
 [90m     |[39m [31m
[1m^[22m[39m[31m[1
m^[22m[39m[31m[1m^
[22m[39m[31m[1m^[22
m[39m[31m[1m^[22m[
39m[31m[1m^[22m[39m
[31m[1m>[22m[39m[9
0m 354 |[39m [32m    
    }[39m
 [90m     |[39m [31m
[1m^[22m[39m[31m[1
m^[22m[39m[31m[1m^
[22m[39m[31m[1m^[22
m[39m[31m[1m^[22m[
39m[31m[1m^[22m[39m
[31m[1m>[22m[39m[9
0m 355 |[39m [32m    
  \`}} />[39m
 [90m     |[39m [31m
[1m^[22m[39m[31m[1
m^[22m[39m[31m[1m^
[22m[39m[31m[1m^[22
m[39m[31m[1m^[22m[
39m[31m[1m^[22m[39m
[31m[1m>[22m[39m[9
0m 356 |[39m 
[32m[39m
 [90m     |[39m [31m
[1m^[22m[39m[31m[1
m^[22m[39m[31m[1m^
[22m[39m[31m[1m^[22
m[39m[31m[1m^[22m[
39m[31m[1m^[22m[39m
[31m[1m>[22m[39m[9
0m 357 |[39m [32m    
  {/* MATRIX 
BACKGROUND */}[39m
 [90m     |[39m [31m
[1m^[22m[39m[31m[1
m^[22m[39m[31m[1m^
[22m[39m[31m[1m^[22
m[39m[31m[1m^[22m[
39m[31m[1m^[22m[39m
[31m[1m>[22m[39m[9
0m 358 |[39m [32m    
  {timeline.bg && 
<motion.div initial={{ 
opacity: 0 }} 
animate={{ opacity: 1 
}} transition={{ 
duration: 1 
}}><RedMatrixRain 
/></motion.div>}[39m
 [90m     |[39m [31m
[1m^[22m[39m[31m[1
m^[22m[39m[31m[1m^
[22m[39m[31m[1m^[22
m[39m[31m[1m^[22m[
39m[31m[1m^[22m[39m
[31m[1m>[22m[39m[9
0m 359 |[39m 
[32m[39m
 [90m     |[39m [31m
[1m^[22m[39m[31m[1
m^[22m[39m[31m[1m^
[22m[39m[31m[1m^[22
m[39m[31m[1m^[22m[
39m[31m[1m^[22m[39m
[31m[1m>[22m[39m[9
0m 360 |[39m [32m    
  {/* SUBTLE RED 
SCANLINE OVERLAY 
*/}[39m
 [90m     |[39m [31m
[1m^[22m[39m[31m[1
m^[22m[39m[31m[1m^
[22m[39m[31m[1m^[22
m[39m[31m[1m^[22m[
39m[31m[1m^[22m[39m
[31m[1m>[22m[39m[9
0m 361 |[39m [32m    
  <div 
className="fixed 
inset-0 
pointer-events-none 
z-10 opacity-5" 
style={{ background: "r
epeating-linear-gradien
t(transparent, 
transparent 2px, 
#FF2020 2px, #FF2020 
4px)" }} />[39m
 [90m     |[39m [31m
[1m^[22m[39m[31m[1
m^[22m[39m[31m[1m^
[22m[39m[31m[1m^[22
m[39m[31m[1m^[22m[
39m[31m[1m^[22m[39m
[31m[1m>[22m[39m[9
0m 362 |[39m 
[32m[39m
 [90m     |[39m [31m
[1m^[22m[39m[31m[1
m^[22m[39m[31m[1m^
[22m[39m[31m[1m^[22
m[39m[31m[1m^[22m[
39m[31m[1m^[22m[39m
[31m[1m>[22m[39m[9
0m 363 |[39m [32m    
  {/* RADIAL GLOW 
*/}[39m
 [90m     |[39m [31m
[1m^[22m[39m[31m[1
m^[22m[39m[31m[1m^
[22m[39m[31m[1m^[22
m[39m[31m[1m^[22m[
39m[31m[1m^[22m[39m
[31m[1m>[22m[39m[9
0m 364 |[39m [32m    
  <div 
className="fixed 
inset-0 
pointer-events-none 
z-0" style={{ 
background: "radial-gra
dient(ellipse at 
center, 
rgba(204,0,0,0.15) 0%, 
transparent 60%)" }} 
/>[39m
 [90m     |[39m [31m
[1m^[22m[39m[31m[1
m^[22m[39m[31m[1m^
[22m[39m[31m[1m^[22
m[39m[31m[1m^[22m[
39m[31m[1m^[22m[39m
[31m[1m>[22m[39m[9
0m 365 |[39m 
[32m[39m
 [90m     |[39m [31m
[1m^[22m[39m[31m[1
m^[22m[39m[31m[1m^
[22m[39m[31m[1m^[22
m[39m[31m[1m^[22m[
39m[31m[1m^[22m[39m
[31m[1m>[22m[39m[9
0m 366 |[39m [32m    
  {/* CRT VIGNETTE 
*/}[39m
 [90m     |[39m [31m
[1m^[22m[39m[31m[1
m^[22m[39m[31m[1m^
[22m[39m[31m[1m^[22
m[39m[31m[1m^[22m[
39m[31m[1m^[22m[39m
[31m[1m>[22m[39m[9
0m 367 |[39m [32m    
  <div 
className="fixed 
inset-0 
pointer-events-none 
z-[15]" style={{ 
background: "radial-gra
dient(ellipse at 
center, transparent 
60%, rgba(10,0,0,0.8) 
100%)" }} />[39m
 [90m     |[39m [31m
[1m^[22m[39m[31m[1
m^[22m[39m[31m[1m^
[22m[39m[31m[1m^[22
m[39m[31m[1m^[22m[
39m[31m[1m^[22m[39m
[31m[1m>[22m[39m[9
0m 368 |[39m 
[32m[39m
 [90m     |[39m [31m
[1m^[22m[39m[31m[1
m^[22m[39m[31m[1m^
[22m[39m[31m[1m^[22
m[39m[31m[1m^[22m[
39m[31m[1m^[22m[39m
[31m[1m>[22m[39m[9
0m 369 |[39m [32m    
  {/* WARNING 
WATERMARK */}[39m
 [90m     |[39m [31m
[1m^[22m[39m[31m[1
m^[22m[39m[31m[1m^
[22m[39m[31m[1m^[22
m[39m[31m[1m^[22m[
39m[31m[1m^[22m[39m
[31m[1m>[22m[39m[9
0m 370 |[39m [32m    
  <div 
className="fixed 
inset-0 
pointer-events-none 
flex items-center 
justify-center z-[5] 
overflow-hidden 
opacity-[0.03]">[39m
 [90m     |[39m [31m
[1m^[22m[39m[31m[1
m^[22m[39m[31m[1m^
[22m[39m[31m[1m^[22
m[39m[31m[1m^[22m[
39m[31m[1m^[22m[39m
[31m[1m>[22m[39m[9
0m 371 |[39m [32m    
    <div 
className="transform 
-rotate-45 
whitespace-nowrap 
text-[150px] 
sm:text-[200px] 
font-black 
tracking-widest 
leading-none 
pointer-events-none 
uppercase" style={{ 
color: "#FF2020", 
fontFamily: "'Share 
Tech Mono', monospace" 
}}>[39m
 [90m     |[39m [31m
[1m^[22m[39m[31m[1
m^[22m[39m[31m[1m^
[22m[39m[31m[1m^[22
m[39m[31m[1m^[22m[
39m[31m[1m^[22m[39m
[31m[1m>[22m[39m[9
0m 372 |[39m [32m    
      SENIOR_CLEARANCE_
REQUIRED SENIOR_CLEARAN
CE_REQUIRED SENIOR_CLEA
RANCE_REQUIRED[39m
 [90m     |[39m [31m
[1m^[22m[39m[31m[1
m^[22m[39m[31m[1m^
[22m[39m[31m[1m^[22
m[39m[31m[1m^[22m[
39m[31m[1m^[22m[39m
[31m[1m>[22m[39m[9
0m 373 |[39m [32m    
    </div>[39m
 [90m     |[39m [31m
[1m^[22m[39m[31m[1
m^[22m[39m[31m[1m^
[22m[39m[31m[1m^[22
m[39m[31m[1m^[22m[
39m[31m[1m^[22m[39m
[31m[1m>[22m[39m[9
0m 374 |[39m [32m    
  </div>[39m
 [90m     |[39m [31m
[1m^[22m[39m[31m[1
m^[22m[39m[31m[1m^
[22m[39m[31m[1m^[22
m[39m[31m[1m^[22m[
39m[31m[1m^[22m[39m
[31m[1m>[22m[39m[9
0m 375 |[39m 
[32m[39m
 [90m     |[39m [31m
[1m^[22m[39m[31m[1
m^[22m[39m[31m[1m^
[22m[39m[31m[1m^[22
m[39m[31m[1m^[22m[
39m[31m[1m^[22m[39m
[31m[1m>[22m[39m[9
0m 376 |[39m [32m    
  <div 
className="relative 
z-20 max-w-4xl mx-auto 
px-4 sm:px-6 py-12 
sm:py-20 
font-mono">[39m
 [90m     |[39m [31m
[1m^[22m[39m[31m[1
m^[22m[39m[31m[1m^
[22m[39m[31m[1m^[22
m[39m[31m[1m^[22m[
39m[31m[1m^[22m[39m
[31m[1m>[22m[39m[9
0m 377 |[39m [32m    
    [39m
 [90m     |[39m [31m
[1m^[22m[39m[31m[1
m^[22m[39m[31m[1m^
[22m[39m[31m[1m^[22
m[39m[31m[1m^[22m[
39m[31m[1m^[22m[39m
[31m[1m>[22m[39m[9
0m 378 |[39m [32m    
    {/* PAGE HEADER 
BLOCK */}[39m
 [90m     |[39m [31m
[1m^[22m[39m[31m[1
m^[22m[39m[31m[1m^
[22m[39m[31m[1m^[22
m[39m[31m[1m^[22m[
39m[31m[1m^[22m[39m
[31m[1m>[22m[39m[9
0m 379 |[39m [32m    
    <div 
className="mb-12">[39m
 [90m     |[39m [31m
[1m^[22m[39m[31m[1
m^[22m[39m[31m[1m^
[22m[39m[31m[1m^[22
m[39m[31m[1m^[22m[
39m[31m[1m^[22m[39m
[31m[1m>[22m[39m[9
0m 380 |[39m [32m    
      <div 
className="relative 
max-w-2xl mx-auto flex 
items-center 
justify-center 
min-h-[160px]" 
style={{ fontFamily: 
"'Share Tech Mono', 
monospace", color: 
"#FF2020", textShadow: 
"0 0 5px 
rgba(255,32,32,0.5)" 
}}>[39m
 [90m     |[39m [31m
[1m^[22m[39m[31m[1
m^[22m[39m[31m[1m^
[22m[39m[31m[1m^[22
m[39m[31m[1m^[22m[
39m[31m[1m^[22m[39m
[31m[1m>[22m[39m[9
0m 381 |[39m [32m    
        <div 
className="text-[10px] 
sm:text-sm 
leading-loose 
sm:leading-relaxed 
whitespace-pre 
font-bold 
overflow-x-auto w-full 
max-w-[500px] mx-auto 
opacity-90">[39m
 [90m     |[39m [31m
[1m^[22m[39m[31m[1
m^[22m[39m[31m[1m^
[22m[39m[31m[1m^[22
m[39m[31m[1m^[22m[
39m[31m[1m^[22m[39m
[31m[1m>[22m[39m[9
0m 382 |[39m [32m    
          {headerDispla
yText}[39m
 [90m     |[39m [31m
[1m^[22m[39m[31m[1
m^[22m[39m[31m[1m^
[22m[39m[31m[1m^[22
m[39m[31m[1m^[22m[
39m[31m[1m^[22m[39m
[31m[1m>[22m[39m[9
0m 383 |[39m [32m    
          
{timeline.header && 
<span className="animat
e-pulse ml-1" style={{ 
textShadow: "0 0 8px 
#FF2020" 
}}>Γûê</span>}[39m
 [90m     |[39m [31m
[1m^[22m[39m[31m[1
m^[22m[39m[31m[1m^
[22m[39m[31m[1m^[22
m[39m[31m[1m^[22m[
39m[31m[1m^[22m[39m
[31m[1m>[22m[39m[9
0m 384 |[39m [32m    
        </div>[39m
 [90m     |[39m [31m
[1m^[22m[39m[31m[1
m^[22m[39m[31m[1m^
[22m[39m[31m[1m^[22
m[39m[31m[1m^[22m[
39m[31m[1m^[22m[39m
[31m[1m>[22m[39m[9
0m 385 |[39m [32m    
      </div>[39m
 [90m     |[39m [31m
[1m^[22m[39m[31m[1
m^[22m[39m[31m[1m^
[22m[39m[31m[1m^[22
m[39m[31m[1m^[22m[
39m[31m[1m^[22m[39m
[31m[1m>[22m[39m[9
0m 386 |[39m [32m    
    </div>[39m
 [90m     |[39m [31m
[1m^[22m[39m[31m[1
m^[22m[39m[31m[1m^
[22m[39m[31m[1m^[22
m[39m[31m[1m^[22m[
39m[31m[1m^[22m[39m
[31m[1m>[22m[39m[9
0m 387 |[39m 
[32m[39m
 [90m     |[39m [31m
[1m^[22m[39m[31m[1
m^[22m[39m[31m[1m^
[22m[39m[31m[1m^[22
m[39m[31m[1m^[22m[
39m[31m[1m^[22m[39m
[31m[1m>[22m[39m[9
0m 388 |[39m [32m    
    {/* DOMAIN TITLE 
BLOCK */}[39m
 [90m     |[39m [31m
[1m^[22m[39m[31m[1
m^[22m[39m[31m[1m^
[22m[39m[31m[1m^[22
m[39m[31m[1m^[22m[
39m[31m[1m^[22m[39m
[31m[1m>[22m[39m[9
0m 389 |[39m [32m    
    {timeline.badge && 
([39m
 [90m     |[39m [31m
[1m^[22m[39m[31m[1
m^[22m[39m[31m[1m^
[22m[39m[31m[1m^[22
m[39m[31m[1m^[22m[
39m[31m[1m^[22m[39m
[31m[1m>[22m[39m[9
0m 390 |[39m [32m    
      <motion.div 
initial={{ opacity: 0, 
scale: 0.95 }} 
animate={{ opacity: 1, 
scale: 1 }} 
transition={{ type: 
"spring", stiffness: 
100 }} 
className="mb-10 
w-full relative">[39m
 [90m     |[39m [31m
[1m^[22m[39m[31m[1
m^[22m[39m[31m[1m^
[22m[39m[31m[1m^[22
m[39m[31m[1m^[22m[
39m[31m[1m^[22m[39m
[31m[1m>[22m[39m[9
0m 391 |[39m [32m    
        <div 
className="border 
border-[#FF2020]/40 
bg-[#0a0000]/80 p-6 
md:p-8 
backdrop-blur-sm 
relative 
overflow-hidden shadow-
[0_0_20px_rgba(255,32,3
2,0.1)]">[39m
 [90m     |[39m [31m
[1m^[22m[39m[31m[1
m^[22m[39m[31m[1m^
[22m[39m[31m[1m^[22
m[39m[31m[1m^[22m[
39m[31m[1m^[22m[39m
[31m[1m>[22m[39m[9
0m 392 |[39m [32m    
           <div 
className="absolute 
inset-0 bg-[#FF2020]/5 
pointer-events-none" 
/>[39m
 [90m     |[39m [31m
[1m^[22m[39m[31m[1
m^[22m[39m[31m[1m^
[22m[39m[31m[1m^[22
m[39m[31m[1m^[22m[
39m[31m[1m^[22m[39m
[31m[1m>[22m[39m[9
0m 393 |[39m [32m    
           <div 
className="relative 
z-10 flex flex-col 
items-center 
justify-center 
text-center">[39m
 [90m     |[39m [31m
[1m^[22m[39m[31m[1
m^[22m[39m[31m[1m^
[22m[39m[31m[1m^[22
m[39m[31m[1m^[22m[
39m[31m[1m^[22m[39m
[31m[1m>[22m[39m[9
0m 394 |[39m [32m    
             <h1 
className="text-xl 
sm:text-3xl 
md:text-4xl 
tracking-[0.2em] mb-8 
font-bold text-center" 
style={{ fontFamily: 
"'Orbitron', 
sans-serif", color: 
"#FF2020", textShadow: 
"0 0 15px 
rgba(255,32,32,0.8)" 
}}>[39m
 [90m     |[39m [31m
[1m^[22m[39m[31m[1
m^[22m[39m[31m[1m^
[22m[39m[31m[1m^[22
m[39m[31m[1m^[22m[
39m[31m[1m^[22m[39m
[31m[1m>[22m[39m[9
0m 395 |[39m [32m    
               
{titleText || "A R T I 
F I C I A L   I N T E 
L L I G E N C E  /  M 
L"}[39m
 [90m     |[39m [31m
[1m^[22m[39m[31m[1
m^[22m[39m[31m[1m^
[22m[39m[31m[1m^[22
m[39m[31m[1m^[22m[
39m[31m[1m^[22m[39m
[31m[1m>[22m[39m[9
0m 396 |[39m [32m    
             </h1>[39m
 [90m     |[39m [31m
[1m^[22m[39m[31m[1
m^[22m[39m[31m[1m^
[22m[39m[31m[1m^[22
m[39m[31m[1m^[22m[
39m[31m[1m^[22m[39m
[31m[1m>[22m[39m[9
0m 397 |[39m [32m    
             [39m
 [90m     |[39m [31m
[1m^[22m[39m[31m[1
m^[22m[39m[31m[1m^
[22m[39m[31m[1m^[22
m[39m[31m[1m^[22m[
39m[31m[1m^[22m[39m
[31m[1m>[22m[39m[9
0m 398 |[39m [32m    
             <div 
className="flex 
flex-col sm:flex-row 
items-center 
justify-center gap-6 
text-xs 
tracking-widest mt-2" 
style={{ fontFamily: 
"'Share Tech Mono', 
monospace" }}>[39m
 [90m     |[39m [31m
[1m^[22m[39m[31m[1
m^[22m[39m[31m[1m^
[22m[39m[31m[1m^[22
m[39m[31m[1m^[22m[
39m[31m[1m^[22m[39m
[31m[1m>[22m[39m[9
0m 399 |[39m [32m    
                <div 
className="flex 
items-center 
gap-2">[39m
 [90m     |[39m [31m
[1m^[22m[39m[31m[1
m^[22m[39m[31m[1m^
[22m[39m[31m[1m^[22
m[39m[31m[1m^[22m[
39m[31m[1m^[22m[39m
[31m[1m>[22m[39m[9
0m 400 |[39m [32m    
                   
<span className="w-2.5 
h-4 bg-[#FF2020]" 
/>[39m
 [90m     |[39m [31m
[1m^[22m[39m[31m[1
m^[22m[39m[31m[1m^
[22m[39m[31m[1m^[22
m[39m[31m[1m^[22m[
39m[31m[1m^[22m[39m
[31m[1m>[22m[39m[9
0m 401 |[39m [32m    
                   <spa
n>SENIOR_TRACK</span>[
39m
 [90m     |[39m [31m
[1m^[22m[39m[31m[1
m^[22m[39m[31m[1m^
[22m[39m[31m[1m^[22
m[39m[31m[1m^[22m[
39m[31m[1m^[22m[39m
[31m[1m>[22m[39m[9
0m 402 |[39m [32m    
                
</div>[39m
 [90m     |[39m [31m
[1m^[22m[39m[31m[1
m^[22m[39m[31m[1m^
[22m[39m[31m[1m^[22
m[39m[31m[1m^[22m[
39m[31m[1m^[22m[39m
[31m[1m>[22m[39m[9
0m 403 |[39m [32m    
                <div 
className="flex 
items-center 
gap-2">[39m
 [90m     |[39m [31m
[1m^[22m[39m[31m[1
m^[22m[39m[31m[1m^
[22m[39m[31m[1m^[22
m[39m[31m[1m^[22m[
39m[31m[1m^[22m[39m
[31m[1m>[22m[39m[9
0m 404 |[39m [32m    
                   
<span className="w-2.5 
h-4 bg-[#FF2020]" 
/>[39m
 [90m     |[39m [31m
[1m^[22m[39m[31m[1
m^[22m[39m[31m[1m^
[22m[39m[31m[1m^[22
m[39m[31m[1m^[22m[
39m[31m[1m^[22m[39m
[31m[1m>[22m[39m[9
0m 405 |[39m [32m    
                   
<span>2 PS 
AVAILABLE</span>[39m
 [90m     |[39m [31m
[1m^[22m[39m[31m[1
m^[22m[39m[31m[1m^
[22m[39m[31m[1m^[22
m[39m[31m[1m^[22m[
39m[31m[1m^[22m[39m
[31m[1m>[22m[39m[9
0m 406 |[39m [32m    
                
</div>[39m
 [90m     |[39m [31m
[1m^[22m[39m[31m[1
m^[22m[39m[31m[1m^
[22m[39m[31m[1m^[22
m[39m[31m[1m^[22m[
39m[31m[1m^[22m[39m
[31m[1m>[22m[39m[9
0m 407 |[39m [32m    
             
</div>[39m
 [90m     |[39m [31m
[1m^[22m[39m[31m[1
m^[22m[39m[31m[1m^
[22m[39m[31m[1m^[22
m[39m[31m[1m^[22m[
39m[31m[1m^[22m[39m
[31m[1m>[22m[39m[9
0m 408 |[39m [32m    
             <div 
className="flex 
items-center 
justify-center gap-2 
text-xs 
tracking-widest mt-4" 
style={{ fontFamily: 
"'Share Tech Mono', 
monospace" }}>[39m
 [90m     |[39m [31m
[1m^[22m[39m[31m[1
m^[22m[39m[31m[1m^
[22m[39m[31m[1m^[22
m[39m[31m[1m^[22m[
39m[31m[1m^[22m[39m
[31m[1m>[22m[39m[9
0m 409 |[39m [32m    
                <span 
className="w-2.5 h-4 
bg-[#FF2020]/60" 
/>[39m
 [90m     |[39m [31m
[1m^[22m[39m[31m[1
m^[22m[39m[31m[1m^
[22m[39m[31m[1m^[22
m[39m[31m[1m^[22m[
39m[31m[1m^[22m[39m
[31m[1m>[22m[39m[9
0m 410 |[39m [32m    
                <span c
lassName="text-[#FF2020
]/90">CLEARANCE: SENIOR
_REQUIRED</span>[39m
 [90m     |[39m [31m
[1m^[22m[39m[31m[1
m^[22m[39m[31m[1m^
[22m[39m[31m[1m^[22
m[39m[31m[1m^[22m[
39m[31m[1m^[22m[39m
[31m[1m>[22m[39m[9
0m 411 |[39m [32m    
             
</div>[39m
 [90m     |[39m [31m
[1m^[22m[39m[31m[1
m^[22m[39m[31m[1m^
[22m[39m[31m[1m^[22
m[39m[31m[1m^[22m[
39m[31m[1m^[22m[39m
[31m[1m>[22m[39m[9
0m 412 |[39m [32m    
           </div>[39m
 [90m     |[39m [31m
[1m^[22m[39m[31m[1
m^[22m[39m[31m[1m^
[22m[39m[31m[1m^[22
m[39m[31m[1m^[22m[
39m[31m[1m^[22m[39m
[31m[1m>[22m[39m[9
0m 413 |[39m [32m    
        </div>[39m
 [90m     |[39m [31m
[1m^[22m[39m[31m[1
m^[22m[39m[31m[1m^
[22m[39m[31m[1m^[22
m[39m[31m[1m^[22m[
39m[31m[1m^[22m[39m
[31m[1m>[22m[39m[9
0m 414 |[39m [32m    
        [39m
 [90m     |[39m [31m
[1m^[22m[39m[31m[1
m^[22m[39m[31m[1m^
[22m[39m[31m[1m^[22
m[39m[31m[1m^[22m[
39m[31m[1m^[22m[39m
[31m[1m>[22m[39m[9
0m 415 |[39m [32m    
        {/* Divider 
*/}[39m
 [90m     |[39m [31m
[1m^[22m[39m[31m[1
m^[22m[39m[31m[1m^
[22m[39m[31m[1m^[22
m[39m[31m[1m^[22m[
39m[31m[1m^[22m[39m
[31m[1m>[22m[39m[9
0m 416 |[39m [32m    
        
{timeline.divider && 
([39m
 [90m     |[39m [31m
[1m^[22m[39m[31m[1
m^[22m[39m[31m[1m^
[22m[39m[31m[1m^[22
m[39m[31m[1m^[22m[
39m[31m[1m^[22m[39m
[31m[1m>[22m[39m[9
0m 417 |[39m [32m    
          <motion.div 
initial={{ width: 0 }} 
animate={{ width: 
"100%" }} 
transition={{ 
duration: 0.8 }} 
className="h-[2px] 
mt-6 mx-auto shadow-[0_
0_8px_#FF2020]" 
style={{ background: "l
inear-gradient(90deg, 
transparent, #FF2020, 
transparent)" }} 
/>[39m
 [90m     |[39m [31m
[1m^[22m[39m[31m[1
m^[22m[39m[31m[1m^
[22m[39m[31m[1m^[22
m[39m[31m[1m^[22m[
39m[31m[1m^[22m[39m
[31m[1m>[22m[39m[9
0m 418 |[39m [32m    
        )}[39m
 [90m     |[39m [31m
[1m^[22m[39m[31m[1
m^[22m[39m[31m[1m^
[22m[39m[31m[1m^[22
m[39m[31m[1m^[22m[
39m[31m[1m^[22m[39m
[31m[1m>[22m[39m[9
0m 419 |[39m [32m    
      
</motion.div>[39m
 [90m     |[39m [31m
[1m^[22m[39m[31m[1
m^[22m[39m[31m[1m^
[22m[39m[31m[1m^[22
m[39m[31m[1m^[22m[
39m[31m[1m^[22m[39m
[31m[1m>[22m[39m[9
0m 420 |[39m [32m    
    )}[39m
 [90m     |[39m [31m
[1m^[22m[39m[31m[1
m^[22m[39m[31m[1m^
[22m[39m[31m[1m^[22
m[39m[31m[1m^[22m[
39m[31m[1m^[22m[39m
[31m[1m>[22m[39m[9
0m 421 |[39m 
[32m[39m
 [90m     |[39m [31m
[1m^[22m[39m[31m[1
m^[22m[39m[31m[1m^
[22m[39m[31m[1m^[22
m[39m[31m[1m^[22m[
39m[31m[1m^[22m[39m
[31m[1m>[22m[39m[9
0m 422 |[39m [32m    
    {/* PS CARDS 
*/}[39m
 [90m     |[39m [31m
[1m^[22m[39m[31m[1
m^[22m[39m[31m[1m^
[22m[39m[31m[1m^[22
m[39m[31m[1m^[22m[
39m[31m[1m^[22m[39m
[31m[1m>[22m[39m[9
0m 423 |[39m [32m    
    <div 
className="space-y-8 
mt-12">[39m
 [90m     |[39m [31m
[1m^[22m[39m[31m[1
m^[22m[39m[31m[1m^
[22m[39m[31m[1m^[22
m[39m[31m[1m^[22m[
39m[31m[1m^[22m[39m
[31m[1m>[22m[39m[9
0m 424 |[39m [32m    
      <RedPSCard 
ps={PS_DATA[0]} 
delay={2300} />[39m
 [90m     |[39m [31m
[1m^[22m[39m[31m[1
m^[22m[39m[31m[1m^
[22m[39m[31m[1m^[22
m[39m[31m[1m^[22m[
39m[31m[1m^[22m[39m
[31m[1m>[22m[39m[9
0m 425 |[39m [32m    
      <RedPSCard 
ps={PS_DATA[1]} 
delay={2600} />[39m
 [90m     |[39m [31m
[1m^[22m[39m[31m[1
m^[22m[39m[31m[1m^
[22m[39m[31m[1m^[22
m[39m[31m[1m^[22m[
39m[31m[1m^[22m[39m
[31m[1m>[22m[39m[9
0m 426 |[39m [32m    
    </div>[39m
 [90m     |[39m [31m
[1m^[22m[39m[31m[1
m^[22m[39m[31m[1m^
[22m[39m[31m[1m^[22
m[39m[31m[1m^[22m[
39m[31m[1m^[22m[39m
[31m[1m>[22m[39m[9
0m 427 |[39m 
[32m[39m
 [90m     |[39m [31m
[1m^[22m[39m[31m[1
m^[22m[39m[31m[1m^
[22m[39m[31m[1m^[22
m[39m[31m[1m^[22m[
39m[31m[1m^[22m[39m
[31m[1m>[22m[39m[9
0m 428 |[39m [32m    
    {/* NAVIGATION 
BOTTOM */}[39m
 [90m     |[39m [31m
[1m^[22m[39m[31m[1
m^[22m[39m[31m[1m^
[22m[39m[31m[1m^[22
m[39m[31m[1m^[22m[
39m[31m[1m^[22m[39m
[31m[1m>[22m[39m[9
0m 429 |[39m [32m    
    {timeline.nav && 
([39m
 [90m     |[39m [31m
[1m^[22m[39m[31m[1
m^[22m[39m[31m[1m^
[22m[39m[31m[1m^[22
m[39m[31m[1m^[22m[
39m[31m[1m^[22m[39m
[31m[1m>[22m[39m[9
0m 430 |[39m [32m    
      <motion.div 
initial={{ opacity: 0, 
y: 20 }} animate={{ 
opacity: 1, y: 0 }} 
transition={{ 
duration: 0.5 }} 
className="flex 
flex-col md:flex-row 
justify-between 
items-center mt-16 
gap-6 font-mono 
text-[10px] sm:text-xs 
tracking-widest 
pb-10">[39m
 [90m     |[39m [31m
[1m^[22m[39m[31m[1
m^[22m[39m[31m[1m^
[22m[39m[31m[1m^[22
m[39m[31m[1m^[22m[
39m[31m[1m^[22m[39m
[31m[1m>[22m[39m[9
0m 431 |[39m [32m    
        <Link 
href="/?view=portals" 
className="px-4 py-3 
border 
border-[#FF2020]/50 
text-[#FF2020] 
hover:bg-[#FF2020]/20 h
over:shadow-[0_0_15px_r
gba(255,32,32,0.5)] 
transition-all 
uppercase 
whitespace-nowrap flex 
items-center 
gap-2">[39m
 [90m     |[39m [31m
[1m^[22m[39m[31m[1
m^[22m[39m[31m[1m^
[22m[39m[31m[1m^[22
m[39m[31m[1m^[22m[
39m[31m[1m^[22m[39m
[31m[1m>[22m[39m[9
0m 432 |[39m [32m    
          [ ΓåÉ BACK 
TO CONSTRUCT ][39m
 [90m     |[39m [31m
[1m^[22m[39m[31m[1
m^[22m[39m[31m[1m^
[22m[39m[31m[1m^[22
m[39m[31m[1m^[22m[
39m[31m[1m^[22m[39m
[31m[1m>[22m[39m[9
0m 433 |[39m [32m    
        </Link>[39m
 [90m     |[39m [31m
[1m^[22m[39m[31m[1
m^[22m[39m[31m[1m^
[22m[39m[31m[1m^[22
m[39m[31m[1m^[22m[
39m[31m[1m^[22m[39m
[31m[1m>[22m[39m[9
0m 434 |[39m [32m    
        [39m
 [90m     |[39m [31m
[1m^[22m[39m[31m[1
m^[22m[39m[31m[1m^
[22m[39m[31m[1m^[22
m[39m[31m[1m^[22m[
39m[31m[1m^[22m[39m
[31m[1m>[22m[39m[9
0m 435 |[39m [32m    
        <div 
className="hidden 
md:flex px-4 py-3 
border 
border-[#FF2020]/30 
text-[#FF2020]/60 
cursor-not-allowed 
uppercase 
whitespace-nowrap 
items-center gap-2" 
title="Already on 
Senior Track">[39m
 [90m     |[39m [31m
[1m^[22m[39m[31m[1
m^[22m[39m[31m[1m^
[22m[39m[31m[1m^[22
m[39m[31m[1m^[22m[
39m[31m[1m^[22m[39m
[31m[1m>[22m[39m[9
0m 436 |[39m [32m    
          [ Γåæ SENIOR 
TRACK ][39m
 [90m     |[39m [31m
[1m^[22m[39m[31m[1
m^[22m[39m[31m[1m^
[22m[39m[31m[1m^[22
m[39m[31m[1m^[22m[
39m[31m[1m^[22m[39m
[31m[1m>[22m[39m[9
0m 437 |[39m [32m    
        </div>[39m
 [90m     |[39m [31m
[1m^[22m[39m[31m[1
m^[22m[39m[31m[1m^
[22m[39m[31m[1m^[22
m[39m[31m[1m^[22m[
39m[31m[1m^[22m[39m
[31m[1m>[22m[39m[9
0m 438 |[39m 
[32m[39m
 [90m     |[39m [31m
[1m^[22m[39m[31m[1
m^[22m[39m[31m[1m^
[22m[39m[31m[1m^[22
m[39m[31m[1m^[22m[
39m[31m[1m^[22m[39m
[31m[1m>[22m[39m[9
0m 439 |[39m [32m    
        <Link href="/do
mains/blockchain" 
className="px-4 py-3 
border 
border-[#FF2020]/50 
text-[#FF2020] 
hover:bg-[#FF2020]/20 h
over:shadow-[0_0_15px_r
gba(255,32,32,0.5)] 
transition-all 
uppercase 
whitespace-nowrap flex 
items-center 
gap-2">[39m
 [90m     |[39m [31m
[1m^[22m[39m[31m[1
m^[22m[39m[31m[1m^
[22m[39m[31m[1m^[22
m[39m[31m[1m^[22m[
39m[31m[1m^[22m[39m
[31m[1m>[22m[39m[9
0m 440 |[39m [32m    
          [ BLOCKCHAIN 
ΓåÆ ][39m
 [90m     |[39m [31m
[1m^[22m[39m[31m[1
m^[22m[39m[31m[1m^
[22m[39m[31m[1m^[22
m[39m[31m[1m^[22m[
39m[31m[1m^[22m[39m
[31m[1m>[22m[39m[9
0m 441 |[39m [32m    
        </Link>[39m
 [90m     |[39m [31m
[1m^[22m[39m[31m[1
m^[22m[39m[31m[1m^
[22m[39m[31m[1m^[22
m[39m[31m[1m^[22m[
39m[31m[1m^[22m[39m
[31m[1m>[22m[39m[9
0m 442 |[39m [32m    
      
</motion.div>[39m
 [90m     |[39m [31m
[1m^[22m[39m[31m[1
m^[22m[39m[31m[1m^
[22m[39m[31m[1m^[22
m[39m[31m[1m^[22m[
39m[31m[1m^[22m[39m
[31m[1m>[22m[39m[9
0m 443 |[39m [32m    
    )}[39m
 [90m     |[39m [31m
[1m^[22m[39m[31m[1
m^[22m[39m[31m[1m^
[22m[39m[31m[1m^[22
m[39m[31m[1m^[22m[
39m[31m[1m^[22m[39m
[31m[1m>[22m[39m[9
0m 444 |[39m 
[32m[39m
 [90m     |[39m [31m
[1m^[22m[39m[31m[1
m^[22m[39m[31m[1m^
[22m[39m[31m[1m^[22
m[39m[31m[1m^[22m[
39m[31m[1m^[22m[39m
[31m[1m>[22m[39m[9
0m 445 |[39m [32m    
  </div>[39m
 [90m     |[39m [31m
[1m^[22m[39m[31m[1
m^[22m[39m[31m[1m^
[22m[39m[31m[1m^[22
m[39m[31m[1m^[22m[
39m[31m[1m^[22m[39m
[31m[1m>[22m[39m[9
0m 446 |[39m [32m    
</div>[39m
 [90m     |[39m [31m
[1m^[22m[39m[31m[1
m^[22m[39m[31m[1m^
[22m[39m[31m[1m^[22
m[39m[31m[1m^[22m[
39m[31m[1m^[22m[39m
[31m[1m>[22m[39m[9
0m 447 |[39m [32m  
);[39m
 [90m     |[39m [31m
[1m^[22m[39m[31m[1
m^[22m[39m[31m[1m^
[22m[39m[31m[1m^[22
m[39m[31m[1m^[22m[
39m[31m[1m^[22m[39m
[31m[1m>[22m[39m[9
0m 448 |[39m 
[32m}[39m
 [90m     |[39m [31m
[1m^[22m[39m[31m[1
m^[22m[39m[31m[1m^
[22m[39m[31m[1m^[22
m[39m[31m[1m^[22m[
39m[31m[1m^[22m[39m
[31m[1m>[22m[39m[9
0m 449 |[39m 
[32m[39m
 [90m     |[39m [31m
[1m^[22m[39m[0m

Unterminated template


    at <unknown> (./app
/domains/ai-ml/page.tsx
:347:22)
